\BOOKMARK [1][-]{section.1}{\376\377\000D\000e\000s\000i\000g\000n\000\040\000D\000o\000c\000u\000m\000e\000n\000t\000a\000t\000i\000o\000n\000\040\000\050\000G\000r\000o\000u\000p\000\040\000W\000o\000r\000k\000\051}{}% 1
\BOOKMARK [2][-]{subsection.1.1}{\376\377\000E\000n\000t\000i\000t\000y\000-\000R\000e\000l\000a\000t\000i\000o\000n\000s\000h\000i\000p\000\040\000D\000i\000a\000g\000r\000a\000m}{section.1}% 2
\BOOKMARK [2][-]{subsection.1.2}{\376\377\000A\000r\000c\000h\000i\000t\000e\000c\000t\000u\000r\000e\000\040\000D\000i\000a\000g\000r\000a\000m}{section.1}% 3
\BOOKMARK [1][-]{section.2}{\376\377\000S\000c\000r\000e\000e\000n\000s\000h\000o\000t\000s\000\040\000\050\000G\000r\000o\000u\000p\000\040\000W\000o\000r\000k\000\051}{}% 4
\BOOKMARK [2][-]{subsubsection.2.0.1}{\376\377\000A\000u\000t\000h\000e\000n\000t\000i\000c\000a\000t\000i\000o\000n\000\040\000\046\000\040\000S\000e\000s\000s\000i\000o\000n\000\040\000M\000a\000n\000a\000g\000e\000m\000e\000n\000t}{section.2}% 5
\BOOKMARK [3][-]{subsubsection.2.0.2}{\376\377\000S\000t\000u\000d\000e\000n\000t\000\040\000M\000a\000n\000a\000g\000e\000m\000e\000n\000t\000\040\000\050\000C\000R\000U\000D\000\051}{subsubsection.2.0.1}% 6
\BOOKMARK [3][-]{subsubsection.2.0.3}{\376\377\000A\000c\000c\000o\000u\000n\000t\000\040\000M\000a\000n\000a\000g\000e\000m\000e\000n\000t\000\040\000\050\000C\000R\000U\000D\000\051}{subsubsection.2.0.1}% 7
\BOOKMARK [3][-]{subsubsection.2.0.4}{\376\377\000T\000r\000a\000n\000s\000a\000c\000t\000i\000o\000n\000s\000\040\000\050\000D\000e\000p\000o\000s\000i\000t\000,\000\040\000W\000i\000t\000h\000d\000r\000a\000w\000,\000\040\000T\000r\000a\000n\000s\000f\000e\000r\000\051}{subsubsection.2.0.1}% 8
\BOOKMARK [3][-]{subsubsection.2.0.5}{\376\377\000F\000r\000o\000n\000t\000-\000E\000n\000d\000\040\000F\000e\000a\000t\000u\000r\000e\000s}{subsubsection.2.0.1}% 9
\BOOKMARK [3][-]{subsubsection.2.0.6}{\376\377\000R\000E\000S\000T\000f\000u\000l\000\040\000A\000P\000I\000\040\000\050\000J\000S\000O\000N\000\051}{subsubsection.2.0.1}% 10
\BOOKMARK [1][-]{section.3}{\376\377\000E\000v\000a\000l\000u\000a\000t\000i\000o\000n\000\040\000\050\000G\000r\000o\000u\000p\000\040\000W\000o\000r\000k\000\051}{}% 11
\BOOKMARK [1][-]{section.4}{\376\377\000R\000e\000s\000e\000a\000r\000c\000h\000\040\000\050\000I\000n\000d\000i\000v\000i\000d\000u\000a\000l\000\051}{}% 12
\BOOKMARK [1][-]{section.5}{\376\377\000I\000n\000d\000i\000v\000i\000d\000u\000a\000l\000\040\000R\000e\000f\000l\000e\000c\000t\000i\000o\000n\000\040\000\050\000I\000n\000d\000i\000v\000i\000d\000u\000a\000l\000\051}{}% 13
\BOOKMARK [1][-]{section.6}{\376\377\000A\000p\000p\000e\000n\000d\000i\000x}{}% 14
\BOOKMARK [2][-]{subsection.6.1}{\376\377\000W\000i\000l\000d\000F\000l\000y\000\040\0003\0003\000\040\000S\000e\000r\000v\000e\000r\000\040\000C\000o\000n\000f\000i\000g\000u\000r\000a\000t\000i\000o\000n}{section.6}% 15
\BOOKMARK [3][-]{subsubsection.6.1.1}{\376\377\000S\000u\000b\000s\000y\000s\000t\000e\000m\000s\000\040\000a\000n\000d\000\040\000E\000x\000t\000e\000n\000s\000i\000o\000n\000s}{subsection.6.1}% 16
\BOOKMARK [3][-]{subsubsection.6.1.2}{\376\377\000M\000a\000n\000a\000g\000e\000m\000e\000n\000t\000\040\000a\000n\000d\000\040\000A\000c\000c\000e\000s\000s\000\040\000C\000o\000n\000t\000r\000o\000l}{subsection.6.1}% 17
\BOOKMARK [3][-]{subsubsection.6.1.3}{\376\377\000S\000e\000c\000u\000r\000i\000t\000y\000\040\000a\000n\000d\000\040\000A\000u\000t\000h\000e\000n\000t\000i\000c\000a\000t\000i\000o\000n}{subsection.6.1}% 18
\BOOKMARK [3][-]{subsubsection.6.1.4}{\376\377\000S\000e\000r\000v\000e\000r\000\040\000I\000n\000t\000e\000r\000f\000a\000c\000e\000s\000\040\000a\000n\000d\000\040\000S\000o\000c\000k\000e\000t\000\040\000B\000i\000n\000d\000i\000n\000g\000s}{subsection.6.1}% 19
\BOOKMARK [3][-]{subsubsection.6.1.5}{\376\377\000D\000e\000p\000l\000o\000y\000m\000e\000n\000t\000\040\000a\000n\000d\000\040\000M\000o\000n\000i\000t\000o\000r\000i\000n\000g}{subsection.6.1}% 20
\BOOKMARK [3][-]{subsubsection.6.1.6}{\376\377\000T\000h\000r\000e\000a\000d\000\040\000a\000n\000d\000\040\000R\000e\000s\000o\000u\000r\000c\000e\000\040\000M\000a\000n\000a\000g\000e\000m\000e\000n\000t}{subsection.6.1}% 21
\BOOKMARK [2][-]{subsection.6.2}{\376\377\000S\000o\000u\000r\000c\000e\000\040\000C\000o\000d\000e\000\040\000S\000t\000r\000u\000c\000t\000u\000r\000e}{section.6}% 22
\BOOKMARK [2][-]{subsection.6.3}{\376\377\000R\000e\000f\000e\000r\000e\000n\000c\000e\000s}{section.6}% 23
